[  1%] Building CXX object CMakeFiles/stand_go2.dir/apps/stand_go2.cpp.o
[  2%] Building CXX object CMakeFiles/hold_pose_go2.dir/apps/hold_pose_go2.cpp.o
[  3%] Building CXX object CMakeFiles/dds_lowstate_probe.dir/apps/dds_lowstate_probe.cpp.o
[  4%] Building CXX object CMakeFiles/track_lowcmd_lowstate_go2.dir/apps/track_lowcmd_lowstate_go2.cpp.o
[  5%] Linking CXX executable dds_lowstate_probe
[  5%] Built target dds_lowstate_probe
[  6%] Building CXX object CMakeFiles/single_leg_lift_go2.dir/apps/single_leg_lift_go2.cpp.o
[  7%] Linking CXX executable stand_go2
[  8%] Linking CXX executable hold_pose_go2
[  9%] Linking CXX executable track_lowcmd_lowstate_go2
[  9%] Built target stand_go2
[  9%] Built target hold_pose_go2
[ 10%] Building CXX object CMakeFiles/real_leg_lift_go2.dir/leg_lift/real_leg_lift_go2.cpp.o
[ 11%] Building CXX object CMakeFiles/real_trot_go2.dir/trot/real_trot_go2.cpp.o
[ 11%] Built target track_lowcmd_lowstate_go2
[ 12%] Building CXX object CMakeFiles/real_trot_go2.dir/trot/trot_cli.cpp.o
[ 13%] Building CXX object CMakeFiles/real_leg_lift_go2.dir/leg_lift/leg_lift_cli.cpp.o
[ 14%] Building CXX object CMakeFiles/real_leg_lift_go2.dir/leg_lift/leg_lift_lifecycle.cpp.o
[ 15%] Building CXX object CMakeFiles/real_leg_lift_go2.dir/leg_lift/leg_lift_world.cpp.o
[ 16%] Linking CXX executable single_leg_lift_go2
[ 16%] Built target single_leg_lift_go2
[ 17%] Building CXX object CMakeFiles/real_leg_lift_go2.dir/leg_lift/leg_lift_diagnostics.cpp.o
[ 18%] Building CXX object CMakeFiles/test_go2_inverse_kinematics.dir/tests/test_go2_inverse_kinematics.cpp.o
[ 19%] Linking CXX executable test_go2_inverse_kinematics
[ 19%] Built target test_go2_inverse_kinematics
[ 20%] Building CXX object CMakeFiles/real_leg_lift_go2.dir/leg_lift/leg_lift_control.cpp.o
[ 21%] Building CXX object CMakeFiles/test_raibert_footstep_planner.dir/tests/test_raibert_footstep_planner.cpp.o
[ 22%] Linking CXX executable test_raibert_footstep_planner
[ 22%] Built target test_raibert_footstep_planner
[ 23%] Building CXX object CMakeFiles/test_cartesian_world_trot.dir/tests/test_cartesian_world_trot.cpp.o
[ 24%] Linking CXX executable test_cartesian_world_trot
[ 24%] Built target test_cartesian_world_trot
[ 25%] Building CXX object CMakeFiles/test_motion_frame_utils.dir/tests/test_motion_frame_utils.cpp.o
[ 26%] Linking CXX executable test_motion_frame_utils
[ 27%] Building CXX object CMakeFiles/test_velocity_filter.dir/tests/test_velocity_filter.cpp.o
[ 27%] Built target test_motion_frame_utils
[ 28%] Building CXX object CMakeFiles/test_velocity_command.dir/tests/test_velocity_command.cpp.o
[ 29%] Linking CXX executable test_velocity_filter
[ 29%] Built target test_velocity_filter
[ 29%] Building CXX object CMakeFiles/test_contact_state_filter.dir/tests/test_contact_state_filter.cpp.o
[ 30%] Linking CXX executable test_velocity_command
[ 30%] Built target test_velocity_command
[ 31%] Building CXX object CMakeFiles/test_contact_fusion_fault_harness.dir/tests/test_contact_fusion_fault_harness.cpp.o
[ 32%] Linking CXX executable test_contact_state_filter
[ 32%] Built target test_contact_state_filter
[ 33%] Building CXX object CMakeFiles/test_dynamic_acceleration_target.dir/tests/test_dynamic_acceleration_target.cpp.o
[ 34%] Linking CXX executable test_contact_fusion_fault_harness
[ 34%] Built target test_contact_fusion_fault_harness
[ 35%] Building CXX object CMakeFiles/test_motion_event_response.dir/tests/test_motion_event_response.cpp.o
[ 36%] Linking CXX executable test_dynamic_acceleration_target
[ 36%] Built target test_dynamic_acceleration_target
[ 37%] Building CXX object CMakeFiles/test_wbc_runtime_gate.dir/tests/test_wbc_runtime_gate.cpp.o
[ 38%] Linking CXX executable test_wbc_runtime_gate
[ 38%] Built target test_wbc_runtime_gate
[ 39%] Building CXX object CMakeFiles/test_lockstep_writer_gate.dir/tests/test_lockstep_writer_gate.cpp.o
[ 40%] Linking CXX executable test_motion_event_response
[ 40%] Built target test_motion_event_response
[ 41%] Building CXX object CMakeFiles/test_lockstep_motion_clock.dir/tests/test_lockstep_motion_clock.cpp.o
[ 42%] Linking CXX executable test_lockstep_motion_clock
[ 42%] Built target test_lockstep_motion_clock
[ 43%] Building CXX object CMakeFiles/test_centroidal_wbc.dir/tests/test_centroidal_wbc.cpp.o
[ 44%] Linking CXX executable test_lockstep_writer_gate
[ 44%] Built target test_lockstep_writer_gate
[ 45%] Building CXX object CMakeFiles/test_clean_baseline.dir/tests/test_clean_baseline.cpp.o
[ 46%] Linking CXX executable test_centroidal_wbc
[ 46%] Built target test_centroidal_wbc
[ 47%] Building CXX object CMakeFiles/test_raibert_trot_kernel.dir/tests/test_raibert_trot_kernel.cpp.o
[ 48%] Linking CXX executable test_clean_baseline
[ 48%] Built target test_clean_baseline
[ 49%] Building CXX object CMakeFiles/test_contact_wrench_allocator.dir/tests/test_contact_wrench_allocator.cpp.o
[ 50%] Linking CXX executable real_leg_lift_go2
[ 50%] Built target real_leg_lift_go2
[ 51%] Building CXX object CMakeFiles/test_go2_leg_jacobian.dir/tests/test_go2_leg_jacobian.cpp.o
[ 52%] Linking CXX executable test_go2_leg_jacobian
[ 52%] Built target test_go2_leg_jacobian
[ 53%] Building CXX object CMakeFiles/test_contact_wrench_constraints.dir/tests/test_contact_wrench_constraints.cpp.o
[ 54%] Building CXX object CMakeFiles/real_trot_go2.dir/trot/trot_task.cpp.o
[ 55%] Linking CXX executable test_contact_wrench_constraints
[ 55%] Built target test_contact_wrench_constraints
[ 56%] Building CXX object CMakeFiles/test_contact_torque_mapping.dir/tests/test_contact_torque_mapping.cpp.o
[ 57%] Linking CXX executable test_contact_wrench_allocator
[ 58%] Building CXX object CMakeFiles/real_trot_go2.dir/trot/trot_experiment_lifecycle.cpp.o
[ 58%] Built target test_contact_wrench_allocator
[ 59%] Building CXX object CMakeFiles/test_projected_contact_wrench_allocator.dir/tests/test_projected_contact_wrench_allocator.cpp.o
[ 60%] Linking CXX executable test_contact_torque_mapping
[ 60%] Built target test_contact_torque_mapping
[ 61%] Building CXX object CMakeFiles/test_contact_wrench_lexicographic_allocator.dir/tests/test_contact_wrench_lexicographic_allocator.cpp.o
[ 62%] Linking CXX executable test_raibert_trot_kernel
[ 62%] Built target test_raibert_trot_kernel
[ 63%] Building CXX object CMakeFiles/test_preview_footstep_horizon.dir/tests/test_preview_footstep_horizon.cpp.o
[ 64%] Linking CXX executable test_projected_contact_wrench_allocator
[ 64%] Built target test_projected_contact_wrench_allocator
[ 65%] Building CXX object CMakeFiles/test_dense_qp.dir/tests/test_dense_qp.cpp.o
[ 66%] Linking CXX executable test_contact_wrench_lexicographic_allocator
[ 66%] Built target test_contact_wrench_lexicographic_allocator
[ 67%] Building CXX object CMakeFiles/test_contact_wrench_qp.dir/tests/test_contact_wrench_qp.cpp.o
[ 68%] Linking CXX executable test_preview_footstep_horizon
[ 68%] Built target test_preview_footstep_horizon
[ 69%] Building CXX object CMakeFiles/test_srbd_mpc.dir/tests/test_srbd_mpc.cpp.o
[ 70%] Linking CXX executable test_dense_qp
[ 70%] Built target test_dense_qp
[ 71%] Building CXX object CMakeFiles/test_trot_task.dir/tests/test_trot_task.cpp.o
[ 72%] Building CXX object CMakeFiles/test_trot_task.dir/trot/trot_task.cpp.o
[ 73%] Linking CXX executable test_trot_task
[ 73%] Built target test_trot_task
[ 74%] Building CXX object CMakeFiles/test_lean_route_guard.dir/tests/test_lean_route_guard.cpp.o
[ 75%] Building CXX object CMakeFiles/test_lean_route_guard.dir/trot/trot_cli.cpp.o
[ 76%] Linking CXX executable test_contact_wrench_qp
[ 76%] Built target test_contact_wrench_qp
[ 77%] Building CXX object CMakeFiles/test_lean_route_guard.dir/trot/trot_task.cpp.o
[ 78%] Building CXX object CMakeFiles/test_terrain_interfaces.dir/tests/test_terrain_interfaces.cpp.o
[ 79%] Linking CXX executable test_srbd_mpc
[ 79%] Built target test_srbd_mpc
[ 80%] Building CXX object CMakeFiles/test_lockstep_motion_clock_integration.dir/tests/test_lockstep_motion_clock_integration.cpp.o
[ 81%] Linking CXX executable test_lean_route_guard
[ 81%] Built target test_lean_route_guard
[ 82%] Building CXX object CMakeFiles/test_lockstep_motion_clock_integration.dir/trot/trot_task.cpp.o
[ 83%] Linking CXX executable test_terrain_interfaces
[ 83%] Built target test_terrain_interfaces
[ 83%] Building CXX object CMakeFiles/test_lockstep_motion_clock_integration.dir/trot/trot_experiment_lifecycle.cpp.o
[ 84%] Building CXX object CMakeFiles/test_go2_forward_kinematics.dir/tests/test_go2_forward_kinematics.cpp.o
[ 85%] Linking CXX executable test_go2_forward_kinematics
[ 85%] Built target test_go2_forward_kinematics
[ 86%] Building CXX object CMakeFiles/test_lockstep_motion_clock_integration.dir/trot/trot_experiment_gait.cpp.o
[ 87%] Building CXX object CMakeFiles/real_trot_go2.dir/trot/trot_experiment_gait.cpp.o
[ 88%] Building CXX object CMakeFiles/test_lockstep_motion_clock_integration.dir/trot/trot_experiment_wbc.cpp.o
[ 89%] Building CXX object CMakeFiles/real_trot_go2.dir/trot/trot_experiment_wbc.cpp.o
[ 90%] Building CXX object CMakeFiles/test_lockstep_motion_clock_integration.dir/trot/trot_experiment_diagnostics.cpp.o
[ 91%] Building CXX object CMakeFiles/real_trot_go2.dir/trot/trot_experiment_diagnostics.cpp.o
[ 92%] Building CXX object CMakeFiles/test_lockstep_motion_clock_integration.dir/trot/trot_experiment_control.cpp.o
[ 93%] Building CXX object CMakeFiles/real_trot_go2.dir/trot/trot_experiment_control.cpp.o
[ 94%] Building CXX object CMakeFiles/test_go2_rigid_body.dir/tests/test_go2_rigid_body.cpp.o
[ 95%] Linking CXX executable test_go2_rigid_body
[ 95%] Built target test_go2_rigid_body
[ 96%] Building CXX object CMakeFiles/test_inverse_dynamics_wbc.dir/tests/test_inverse_dynamics_wbc.cpp.o
[ 96%] Building CXX object CMakeFiles/analyze_contact_torque_replay.dir/tools/analysis/analyze_contact_torque_replay.cpp.o
[ 97%] Linking CXX executable analyze_contact_torque_replay
[ 97%] Built target analyze_contact_torque_replay
[ 98%] Linking CXX executable test_lockstep_motion_clock_integration
[ 98%] Built target test_lockstep_motion_clock_integration
[ 99%] Linking CXX executable real_trot_go2
[ 99%] Built target real_trot_go2
[100%] Linking CXX executable test_inverse_dynamics_wbc
[100%] Built target test_inverse_dynamics_wbc
